------------------------------------------------------------
Timing Analyzer Summary
------------------------------------------------------------

Type  : Slow 1100mV 85C Model Setup 'clk'
Slack : -0.684
TNS   : -4.935

Type  : Slow 1100mV 85C Model Hold 'clk'
Slack : 0.357
TNS   : 0.000

Type  : Slow 1100mV 85C Model Minimum Pulse Width 'clk'
Slack : -0.724
TNS   : -8.846

Type  : Slow 1100mV 0C Model Setup 'clk'
Slack : -0.728
TNS   : -5.450

Type  : Slow 1100mV 0C Model Hold 'clk'
Slack : 0.331
TNS   : 0.000

Type  : Slow 1100mV 0C Model Minimum Pulse Width 'clk'
Slack : -0.724
TNS   : -9.027

Type  : Fast 1100mV 85C Model Setup 'clk'
Slack : 0.321
TNS   : 0.000

Type  : Fast 1100mV 85C Model Hold 'clk'
Slack : 0.157
TNS   : 0.000

Type  : Fast 1100mV 85C Model Minimum Pulse Width 'clk'
Slack : -0.076
TNS   : -0.604

Type  : Fast 1100mV 0C Model Setup 'clk'
Slack : 0.353
TNS   : 0.000

Type  : Fast 1100mV 0C Model Hold 'clk'
Slack : 0.140
TNS   : 0.000

Type  : Fast 1100mV 0C Model Minimum Pulse Width 'clk'
Slack : -0.079
TNS   : -0.628

------------------------------------------------------------
